[WARNING] 
[WARNING] Some problems were encountered while building the effective settings
[WARNING] Unrecognised tag: 'localRepository' (position: START_TAG seen ...</mirror>\r\n     -->\r\n    <localRepository>... @159:22)  @ /Users/yuchen/Documents/apache-maven-3.8.8/conf/settings.xml, line 159, column 22
[WARNING] 
[INFO] Scanning for projects...
[INFO] 
[INFO] -----------------< com.logistics:logistics-management >-----------------
[INFO] Building Logistics Management System 1.0.0
[INFO]   from pom.xml
[INFO] --------------------------------[ jar ]---------------------------------
[INFO] 
[INFO] >>> spring-boot-maven-plugin:3.1.5:run (default-cli) > test-compile @ logistics-management >>>
[WARNING] The artifact mysql:mysql-connector-java:jar:8.0.33 has been relocated to com.mysql:mysql-connector-j:jar:8.0.33: MySQL Connector/J artifacts moved to reverse-DNS compliant Maven 2+ coordinates.
[INFO] 
[INFO] --- maven-resources-plugin:3.3.1:resources (default-resources) @ logistics-management ---
[INFO] Copying 1 resource from src/main/resources to target/classes
[INFO] Copying 0 resource from src/main/resources to target/classes
[INFO] 
[INFO] --- maven-compiler-plugin:3.11.0:compile (default-compile) @ logistics-management ---
[INFO] Nothing to compile - all classes are up to date
[INFO] 
[INFO] --- maven-resources-plugin:3.3.1:testResources (default-testResources) @ logistics-management ---
[INFO] skip non existing resourceDirectory /Users/yuchen/Documents/IntelliJ IDEA/调试/wuliu guanli/logistics-system/backend/src/test/resources
[INFO] 
[INFO] --- maven-compiler-plugin:3.11.0:testCompile (default-testCompile) @ logistics-management ---
[INFO] No sources to compile
[INFO] 
[INFO] <<< spring-boot-maven-plugin:3.1.5:run (default-cli) < test-compile @ logistics-management <<<
[INFO] 
[INFO] 
[INFO] --- spring-boot-maven-plugin:3.1.5:run (default-cli) @ logistics-management ---
[INFO] Attaching agents: []

  .   ____          _            __ _ _
 /\\ / ___'_ __ _ _(_)_ __  __ _ \ \ \ \
( ( )\___ | '_ | '_| | '_ \/ _` | \ \ \ \
 \\/  ___)| |_)| | | | | || (_| |  ) ) ) )
  '  |____| .__|_| |_|_| |_\__, | / / / /
 =========|_|==============|___/=/_/_/_/
[32m :: Spring Boot :: [39m              [2m (v3.1.5)[0;39m

2025-07-06 11:21:10 [main] INFO  com.logistics.LogisticsApplication - Starting LogisticsApplication using Java 22.0.2 with PID 58846 (/Users/yuchen/Documents/IntelliJ IDEA/调试/wuliu guanli/logistics-system/backend/target/classes started by yuchen in /Users/yuchen/Documents/IntelliJ IDEA/调试/wuliu guanli/logistics-system/backend)
2025-07-06 11:21:10 [main] DEBUG com.logistics.LogisticsApplication - Running with Spring Boot v3.1.5, Spring v6.0.13
2025-07-06 11:21:10 [main] INFO  com.logistics.LogisticsApplication - No active profile set, falling back to 1 default profile: "default"
2025-07-06 11:21:10 [main] INFO  o.s.d.r.c.RepositoryConfigurationDelegate - Bootstrapping Spring Data JPA repositories in DEFAULT mode.
2025-07-06 11:21:10 [main] INFO  o.s.d.r.c.RepositoryConfigurationDelegate - Finished Spring Data repository scanning in 6 ms. Found 0 JPA repository interfaces.
2025-07-06 11:21:10 [main] INFO  o.s.b.w.e.tomcat.TomcatWebServer - Tomcat initialized with port(s): 8080 (http)
2025-07-06 11:21:10 [main] INFO  o.a.catalina.core.StandardService - Starting service [Tomcat]
2025-07-06 11:21:10 [main] INFO  o.a.catalina.core.StandardEngine - Starting Servlet engine: [Apache Tomcat/10.1.15]
2025-07-06 11:21:10 [main] INFO  o.a.c.c.C.[.[localhost].[/api] - Initializing Spring embedded WebApplicationContext
2025-07-06 11:21:10 [main] INFO  o.s.b.w.s.c.ServletWebServerApplicationContext - Root WebApplicationContext: initialization completed in 488 ms
2025-07-06 11:21:10 [main] INFO  o.h.jpa.internal.util.LogHelper - HHH000204: Processing PersistenceUnitInfo [name: default]
2025-07-06 11:21:10 [main] INFO  org.hibernate.Version - HHH000412: Hibernate ORM core version 6.2.13.Final
2025-07-06 11:21:10 [main] INFO  org.hibernate.cfg.Environment - HHH000406: Using bytecode reflection optimizer
2025-07-06 11:21:10 [main] INFO  o.s.o.j.p.SpringPersistenceUnitInfo - No LoadTimeWeaver setup: ignoring JPA class transformer
2025-07-06 11:21:10 [main] INFO  com.zaxxer.hikari.HikariDataSource - HikariPool-1 - Starting...
2025-07-06 11:21:10 [main] INFO  com.zaxxer.hikari.pool.HikariPool - HikariPool-1 - Added connection com.mysql.cj.jdbc.ConnectionImpl@163e8949
2025-07-06 11:21:10 [main] INFO  com.zaxxer.hikari.HikariDataSource - HikariPool-1 - Start completed.
2025-07-06 11:21:10 [main] WARN  org.hibernate.orm.deprecation - HHH90000025: MySQLDialect does not need to be specified explicitly using 'hibernate.dialect' (remove the property setting and it will be selected by default)
2025-07-06 11:21:11 [main] INFO  o.h.e.t.j.p.i.JtaPlatformInitiator - HHH000489: No JTA platform available (set 'hibernate.transaction.jta.platform' to enable JTA platform integration)
2025-07-06 11:21:11 [main] INFO  o.s.o.j.LocalContainerEntityManagerFactoryBean - Initialized JPA EntityManagerFactory for persistence unit 'default'
Logging initialized using 'class org.apache.ibatis.logging.stdout.StdOutImpl' adapter.
2025-07-06 11:21:11 [main] WARN  o.s.b.a.o.j.JpaBaseConfiguration$JpaWebConfiguration - spring.jpa.open-in-view is enabled by default. Therefore, database queries may be performed during view rendering. Explicitly configure spring.jpa.open-in-view to disable this warning
2025-07-06 11:21:11 [main] INFO  o.s.b.w.e.tomcat.TomcatWebServer - Tomcat started on port(s): 8080 (http) with context path '/api'
2025-07-06 11:21:11 [main] INFO  com.logistics.LogisticsApplication - Started LogisticsApplication in 1.364 seconds (process running for 1.505)
===========================================
物流管理系统启动成功！
访问地址：http://localhost:8080/api
===========================================
2025-07-06 11:22:35 [SpringApplicationShutdownHook] INFO  o.s.o.j.LocalContainerEntityManagerFactoryBean - Closing JPA EntityManagerFactory for persistence unit 'default'
2025-07-06 11:22:35 [SpringApplicationShutdownHook] INFO  com.zaxxer.hikari.HikariDataSource - HikariPool-1 - Shutdown initiated...
2025-07-06 11:22:35 [SpringApplicationShutdownHook] INFO  com.zaxxer.hikari.HikariDataSource - HikariPool-1 - Shutdown completed.
[INFO] ------------------------------------------------------------------------
[INFO] BUILD SUCCESS
[INFO] ------------------------------------------------------------------------
[INFO] Total time:  01:26 min
[INFO] Finished at: 2025-07-06T11:22:35+08:00
[INFO] ------------------------------------------------------------------------
